// Jest Snapshot v1, https://goo.gl/fbAQLP

exports[`Cell empty cell test 1`] = `
.emotion-0 {
  border: 1px solid #000;
  box-sizing: border-box;
  width: 10px;
  height: 10px;
  -webkit-transition: background-color 500ms ease;
  transition: background-color 500ms ease;
  background-color: #ffffff;
}

<div
  className="cell cell_0_0 emotion-0"
  onClick={[Function]}
  x={0}
  y={0}
/>
`;

exports[`Cell filled cell test 1`] = `
.emotion-0 {
  border: 1px solid #000;
  box-sizing: border-box;
  width: 10px;
  height: 10px;
  -webkit-transition: background-color 500ms ease;
  transition: background-color 500ms ease;
  background-color: #ffffff;
}

<div
  className="cell cell_0_0 emotion-0"
  onClick={[Function]}
  x={0}
  y={0}
/>
`;
