// Jest Snapshot v1, https://goo.gl/fbAQLP

exports[`Field empty Field test 1`] = `
.emotion-4 {
  position: relative;
  display: -webkit-inline-box;
  display: -webkit-inline-flex;
  display: -ms-inline-flexbox;
  display: inline-flex;
  -webkit-flex-direction: row;
  -ms-flex-direction: row;
  flex-direction: row;
  -webkit-flex-wrap: wrap;
  -ms-flex-wrap: wrap;
  flex-wrap: wrap;
  width: 20px;
  height: 20px;
  border: 1px solid #000;
}

.emotion-0 {
  border: 1px solid #000;
  box-sizing: border-box;
  width: 10px;
  height: 10px;
  -webkit-transition: background-color 500ms ease;
  transition: background-color 500ms ease;
  background-color: #ffffff;
}

<div
  className="emotion-4"
>
  <div
    className="cell cell_0_0 emotion-0"
    onClick={[Function]}
    x={0}
    y={0}
  />
  <div
    className="cell cell_0_1 emotion-0"
    onClick={[Function]}
    x={1}
    y={0}
  />
  <div
    className="cell cell_1_0 emotion-0"
    onClick={[Function]}
    x={0}
    y={1}
  />
  <div
    className="cell cell_1_1 emotion-0"
    onClick={[Function]}
    x={1}
    y={1}
  />
</div>
`;

exports[`Field partial filled cell test 1`] = `
.emotion-4 {
  position: relative;
  display: -webkit-inline-box;
  display: -webkit-inline-flex;
  display: -ms-inline-flexbox;
  display: inline-flex;
  -webkit-flex-direction: row;
  -ms-flex-direction: row;
  flex-direction: row;
  -webkit-flex-wrap: wrap;
  -ms-flex-wrap: wrap;
  flex-wrap: wrap;
  width: 20px;
  height: 20px;
  border: 1px solid #000;
}

.emotion-0 {
  border: 1px solid #000;
  box-sizing: border-box;
  width: 10px;
  height: 10px;
  -webkit-transition: background-color 500ms ease;
  transition: background-color 500ms ease;
  background-color: #ffffff;
}

<div
  className="emotion-4"
>
  <div
    className="cell cell_0_0 emotion-0"
    onClick={[Function]}
    x={0}
    y={0}
  />
  <div
    className="cell cell_0_1 emotion-0"
    onClick={[Function]}
    x={1}
    y={0}
  />
  <div
    className="cell cell_1_0 emotion-0"
    onClick={[Function]}
    x={0}
    y={1}
  />
  <div
    className="cell cell_1_1 emotion-0"
    onClick={[Function]}
    x={1}
    y={1}
  />
</div>
`;
